cl : 명령줄  warning D9035: 'Gm' 옵션은 더 이상 사용되지 않으므로 이후 릴리스에서 제거될 예정입니다.
  ImageProcessingDoc.cpp
C:\Users\james\Downloads\영상처리\Term Project-1\teamproj_Temp\student_id\SRC\ImageProcessingDoc.cpp(371,12): warning C4101: 'newcolor' :참조되지 않은 지역 변수입니다.
  (소스 파일 '/ImageProcessingDoc.cpp'을(를) 컴파일하는 중)
  
C:\Users\james\Downloads\영상처리\Term Project-1\teamproj_Temp\student_id\SRC\ImageProcessingDoc.cpp(370,12): warning C4101: 'color' :참조되지 않은 지역 변수입니다.
  (소스 파일 '/ImageProcessingDoc.cpp'을(를) 컴파일하는 중)
  
C:\Users\james\Downloads\영상처리\Term Project-1\teamproj_Temp\student_id\SRC\ImageProcessingDoc.cpp(395,9): warning C4101: 'LUT' :참조되지 않은 지역 변수입니다.
  (소스 파일 '/ImageProcessingDoc.cpp'을(를) 컴파일하는 중)
  
C:\Users\james\Downloads\영상처리\Term Project-1\teamproj_Temp\student_id\SRC\ImageProcessingDoc.cpp(445,22): warning C4244: '초기화 중': 'double'에서 'float'(으)로 변환하면서 데이터가 손실될 수 있습니다.
  (소스 파일 '/ImageProcessingDoc.cpp'을(를) 컴파일하는 중)
  
C:\Users\james\Downloads\영상처리\Term Project-1\teamproj_Temp\student_id\SRC\ImageProcessingDoc.cpp(446,9): warning C4101: 'sum_hist' :참조되지 않은 지역 변수입니다.
  (소스 파일 '/ImageProcessingDoc.cpp'을(를) 컴파일하는 중)
  
C:\Users\james\Downloads\영상처리\Term Project-1\teamproj_Temp\student_id\SRC\ImageProcessingDoc.cpp(456,8): warning C4101: 'LUT' :참조되지 않은 지역 변수입니다.
  (소스 파일 '/ImageProcessingDoc.cpp'을(를) 컴파일하는 중)
  
C:\Users\james\Downloads\영상처리\Term Project-1\teamproj_Temp\student_id\SRC\ImageProcessingDoc.cpp(500,22): warning C4244: '초기화 중': 'double'에서 'float'(으)로 변환하면서 데이터가 손실될 수 있습니다.
  (소스 파일 '/ImageProcessingDoc.cpp'을(를) 컴파일하는 중)
  
C:\Users\james\Downloads\영상처리\Term Project-1\teamproj_Temp\student_id\SRC\ImageProcessingDoc.cpp(557,24): warning C4244: '=': 'double'에서 'float'(으)로 변환하면서 데이터가 손실될 수 있습니다.
  (소스 파일 '/ImageProcessingDoc.cpp'을(를) 컴파일하는 중)
  
C:\Users\james\Downloads\영상처리\Term Project-1\teamproj_Temp\student_id\SRC\ImageProcessingDoc.cpp(501,9): warning C4101: 'sum_hist' :참조되지 않은 지역 변수입니다.
  (소스 파일 '/ImageProcessingDoc.cpp'을(를) 컴파일하는 중)
  
C:\Users\james\Downloads\영상처리\Term Project-1\teamproj_Temp\student_id\SRC\ImageProcessingDoc.cpp(511,8): warning C4101: 'LUT' :참조되지 않은 지역 변수입니다.
  (소스 파일 '/ImageProcessingDoc.cpp'을(를) 컴파일하는 중)
  
C:\Users\james\Downloads\영상처리\Term Project-1\teamproj_Temp\student_id\SRC\ImageProcessingDoc.cpp(527,9): warning C4101: 'desired_histogram' :참조되지 않은 지역 변수입니다.
  (소스 파일 '/ImageProcessingDoc.cpp'을(를) 컴파일하는 중)
  
C:\Users\james\Downloads\영상처리\Term Project-1\teamproj_Temp\student_id\SRC\ImageProcessingDoc.cpp(570,7): warning C4101: 'min' :참조되지 않은 지역 변수입니다.
  (소스 파일 '/ImageProcessingDoc.cpp'을(를) 컴파일하는 중)
  
C:\Users\james\Downloads\영상처리\Term Project-1\teamproj_Temp\student_id\SRC\ImageProcessingDoc.cpp(571,9): warning C4101: 'inv_hist' :참조되지 않은 지역 변수입니다.
  (소스 파일 '/ImageProcessingDoc.cpp'을(를) 컴파일하는 중)
  
C:\Users\james\Downloads\영상처리\Term Project-1\teamproj_Temp\student_id\SRC\ImageProcessingDoc.cpp(569,9): warning C4101: 'difference' :참조되지 않은 지역 변수입니다.
  (소스 파일 '/ImageProcessingDoc.cpp'을(를) 컴파일하는 중)
  
C:\Users\james\Downloads\영상처리\Term Project-1\teamproj_Temp\student_id\SRC\ImageProcessingDoc.cpp(475,1): warning C4700: 초기화되지 않은 'newcolor' 지역 변수를 사용했습니다.
C:\Users\james\Downloads\영상처리\Term Project-1\teamproj_Temp\student_id\SRC\ImageProcessingDoc.cpp(421,1): warning C4700: 초기화되지 않은 'newcolor' 지역 변수를 사용했습니다.
C:\Users\james\Downloads\영상처리\Term Project-1\teamproj_Temp\student_id\SRC\ImageProcessingDoc.cpp(603,1): warning C4700: 초기화되지 않은 'newcolor' 지역 변수를 사용했습니다.
  ImageProcessing.vcxproj -> C:\Users\james\Downloads\영상처리\Term Project-1\teamproj_Temp\student_id\SRC\Debug\ImageProcessing.exe
